[htmlstream.com/preview/unify-v2.6.2/unify-main/home/home-default.html]
[backblue.gif]
[fade.gif]
[index.html]
[htmlstream.com/preview/unify-v2.6.2/unify-main/home/home-incredible.html]
[htmlstream.com/preview/unify-v2.6.2/unify-main/home/home-studio.html]
[htmlstream.com/preview/unify-v2.6.2/unify-main/home/home-allure.html]
[htmlstream.com/preview/unify-v2.6.2/unify-main/home/home-inspire.html]
[htmlstream.com/preview/unify-v2.6.2/unify-main/home/home-portfolio.html]
[htmlstream.com/preview/unify-v2.6.2/unify-main/home/home-creative.html]
[htmlstream.com/preview/unify-v2.6.2/unify-main/home/home-projects.html]
[htmlstream.com/preview/unify-v2.6.2/unify-main/home/home-discover.html]
[htmlstream.com/preview/unify-v2.6.2/unify-main/home/home-brave.html]
[htmlstream.com/preview/unify-v2.6.2/unify-main/home/home-business.html]
[htmlstream.com/preview/unify-v2.6.2/unify-main/home/home-corporate.html]
[htmlstream.com/preview/unify-v2.6.2/unify-main/home/home-web-agency.html]
[htmlstream.com/preview/unify-v2.6.2/unify-main/home/home-aspire.html]
[htmlstream.com/preview/unify-v2.6.2/unify-main/home/home-showcase.html]
[htmlstream.com/preview/unify-v2.6.2/unify-main/home/home-news.html]
[htmlstream.com/preview/unify-v2.6.2/unify-main/home/home-default.html]
[htmlstream.com/preview/unify-v2.6.2/unify-main/home/home-incredible.html]
[htmlstream.com/preview/unify-v2.6.2/unify-main/home/home-studio.html]
[htmlstream.com/preview/unify-v2.6.2/unify-main/home/home-allure.html]
[htmlstream.com/preview/unify-v2.6.2/unify-main/home/home-inspire.html]
[htmlstream.com/preview/unify-v2.6.2/unify-main/home/home-portfolio.html]
[htmlstream.com/preview/unify-v2.6.2/unify-main/home/home-creative.html]
[htmlstream.com/preview/unify-v2.6.2/unify-main/home/home-projects.html]
[htmlstream.com/preview/unify-v2.6.2/unify-main/home/index.html]
[htmlstream.com/preview/unify-v2.6.2/unify-main/home/home-discover.html]
[htmlstream.com/preview/unify-v2.6.2/unify-main/home/home-brave.html]
[htmlstream.com/preview/unify-v2.6.2/unify-main/home/home-business.html]
[htmlstream.com/preview/unify-v2.6.2/unify-main/home/home-corporate.html]
[htmlstream.com/preview/unify-v2.6.2/unify-main/home/home-web-agency.html]
[htmlstream.com/preview/unify-v2.6.2/unify-main/home/home-aspire.html]
[htmlstream.com/preview/unify-v2.6.2/unify-main/home/home-showcase.html]
[htmlstream.com/preview/unify-v2.6.2/unify-main/home/home-news.html]
[htmlstream.com/preview/unify-v2.6.2/unify-main/home/index.html]
